16:11:28 **** Incremental Build of configuration Debug for project TP_FreeRTOS ****
make -j16 all 
arm-none-eabi-gcc "../Core/Src/main.c" -mcpu=cortex-m7 -std=gnu11 -g3 -DDEBUG -DUSE_HAL_DRIVER -DSTM32F746xx -c -I../Core/Inc -I../Drivers/STM32F7xx_HAL_Driver/Inc -I../Drivers/STM32F7xx_HAL_Driver/Inc/Legacy -I../Drivers/CMSIS/Device/ST/STM32F7xx/Include -I../Drivers/CMSIS/Include -O0 -ffunction-sections -fdata-sections -Wall -fstack-usage -fcyclomatic-complexity -MMD -MP -MF"Core/Src/main.d" -MT"Core/Src/main.o" --specs=nano.specs -mfpu=fpv5-sp-d16 -mfloat-abi=hard -mthumb -o "Core/Src/main.o"
arm-none-eabi-gcc -o "TP_FreeRTOS.elf" @"objects.list"   -mcpu=cortex-m7 -T"C:\Users\debor\OneDrive\Desktop\ENSEA\ENSEA_24-25\Semestre_10\Noyau_temps_reel\FreeRTOS\TP_FreeRTOS\STM32F746NGHX_FLASH.ld" --specs=nosys.specs -Wl,-Map="TP_FreeRTOS.map" -Wl,--gc-sections -static --specs=nano.specs -mfpu=fpv5-sp-d16 -mfloat-abi=hard -mthumb -Wl,--start-group -lc -lm -Wl,--end-group
Finished building target: TP_FreeRTOS.elf
 
arm-none-eabi-size  TP_FreeRTOS.elf 
arm-none-eabi-objdump -h -S TP_FreeRTOS.elf  > "TP_FreeRTOS.list"
   text	   data	    bss	    dec	    hex	filename
  13076	     12	   1708	  14796	   39cc	TP_FreeRTOS.elf
Finished building: default.size.stdout
 
Finished building: TP_FreeRTOS.list
 
16:11:40 **** Incremental Build of configuration Debug for project TP_FreeRTOS ****
make -j16 all 
arm-none-eabi-size  TP_FreeRTOS.elf 
   text	   data	    bss	    dec	    hex	filename
  13076	     12	   1708	  14796	   39cc	TP_FreeRTOS.elf
Finished building: default.size.stdout
 
